// Jest Snapshot v1, https://goo.gl/fbAQLP

exports[`RegionCard should match the snapshot 1`] = `ShallowWrapper {}`;
