// Jest Snapshot v1, https://goo.gl/fbAQLP

exports[`PokemonCard should match the snapshot 1`] = `ShallowWrapper {}`;
