// Jest Snapshot v1, https://goo.gl/fbAQLP

exports[`ItemCard should match the snapshot 1`] = `ShallowWrapper {}`;
