// Jest Snapshot v1, https://goo.gl/fbAQLP

exports[`PokemonContainer should match the snapshot 1`] = `ShallowWrapper {}`;
