// Jest Snapshot v1, https://goo.gl/fbAQLP

exports[`UserContainer should match the snapshot 1`] = `ShallowWrapper {}`;
