// Jest Snapshot v1, https://goo.gl/fbAQLP

exports[`RegionContainer should match the snapshot 1`] = `ShallowWrapper {}`;
