// Jest Snapshot v1, https://goo.gl/fbAQLP

exports[`ExpandedPokemonCard should match the snapshot 1`] = `ShallowWrapper {}`;
